[2025-12-15 17:03:56,118][asyncio][DEBUG] - Using selector: EpollSelector
[2025-12-15 17:03:56,725][omni.kit.telemetry.impl.sentry_extension][INFO] - sentry is disabled for external build
[2025-12-15 17:03:56,725][omni.kit.telemetry.impl.sentry_extension][INFO] - sentry is disabled for external build
[2025-12-15 17:04:03,860][AutoNode][DEBUG] - Defining data type 'any' as 'Any'
[2025-12-15 17:04:03,860][AutoNode][DEBUG] - Defining data type 'bool' as 'Bool' and array 'BoolArray
[2025-12-15 17:04:03,860][AutoNode][DEBUG] - Defining data type 'bundle' as 'Bundle'
[2025-12-15 17:04:03,860][AutoNode][DEBUG] - Defining data type 'colord[3]' as 'Color3d' and array 'Color3dArray
[2025-12-15 17:04:03,860][AutoNode][DEBUG] - Defining data type 'colorf[3]' as 'Color3f' and array 'Color3fArray
[2025-12-15 17:04:03,861][AutoNode][DEBUG] - Defining data type 'colorh[3]' as 'Color3h' and array 'Color3hArray
[2025-12-15 17:04:03,861][AutoNode][DEBUG] - Defining data type 'colord[4]' as 'Color4d' and array 'Color4dArray
[2025-12-15 17:04:03,861][AutoNode][DEBUG] - Defining data type 'colorf[4]' as 'Color4f' and array 'Color4fArray
[2025-12-15 17:04:03,861][AutoNode][DEBUG] - Defining data type 'colorh[4]' as 'Color4h' and array 'Color4hArray
[2025-12-15 17:04:03,861][AutoNode][DEBUG] - Defining data type 'double' as 'Double' and array 'DoubleArray
[2025-12-15 17:04:03,861][AutoNode][DEBUG] - Defining data type 'double[2]' as 'Double2' and array 'Double2Array
[2025-12-15 17:04:03,861][AutoNode][DEBUG] - Defining data type 'double[3]' as 'Double3' and array 'Double3Array
[2025-12-15 17:04:03,861][AutoNode][DEBUG] - Defining data type 'double[4]' as 'Double4' and array 'Double4Array
[2025-12-15 17:04:03,861][AutoNode][DEBUG] - Defining data type 'execution' as 'Execution'
[2025-12-15 17:04:03,861][AutoNode][DEBUG] - Defining data type 'float' as 'Float' and array 'FloatArray
[2025-12-15 17:04:03,861][AutoNode][DEBUG] - Defining data type 'float[2]' as 'Float2' and array 'Float2Array
[2025-12-15 17:04:03,861][AutoNode][DEBUG] - Defining data type 'float[3]' as 'Float3' and array 'Float3Array
[2025-12-15 17:04:03,861][AutoNode][DEBUG] - Defining data type 'float[4]' as 'Float4' and array 'Float4Array
[2025-12-15 17:04:03,861][AutoNode][DEBUG] - Defining data type 'frame[4]' as 'Frame' and array 'FrameArray
[2025-12-15 17:04:03,861][AutoNode][DEBUG] - Defining data type 'half' as 'Half' and array 'HalfArray
[2025-12-15 17:04:03,861][AutoNode][DEBUG] - Defining data type 'half[2]' as 'Half2' and array 'Half2Array
[2025-12-15 17:04:03,861][AutoNode][DEBUG] - Defining data type 'half[3]' as 'Half3' and array 'Half3Array
[2025-12-15 17:04:03,861][AutoNode][DEBUG] - Defining data type 'half[4]' as 'Half4' and array 'Half4Array
[2025-12-15 17:04:03,861][AutoNode][DEBUG] - Defining data type 'int' as 'Int' and array 'IntArray
[2025-12-15 17:04:03,861][AutoNode][DEBUG] - Defining data type 'int[2]' as 'Int2' and array 'Int2Array
[2025-12-15 17:04:03,861][AutoNode][DEBUG] - Defining data type 'int[3]' as 'Int3' and array 'Int3Array
[2025-12-15 17:04:03,861][AutoNode][DEBUG] - Defining data type 'int[4]' as 'Int4' and array 'Int4Array
[2025-12-15 17:04:03,861][AutoNode][DEBUG] - Defining data type 'int64' as 'Int64' and array 'Int64Array
[2025-12-15 17:04:03,861][AutoNode][DEBUG] - Defining data type 'matrixd[2]' as 'Matrix2d' and array 'Matrix2dArray
[2025-12-15 17:04:03,861][AutoNode][DEBUG] - Defining data type 'matrixd[3]' as 'Matrix3d' and array 'Matrix3dArray
[2025-12-15 17:04:03,861][AutoNode][DEBUG] - Defining data type 'matrixd[4]' as 'Matrix4d' and array 'Matrix4dArray
[2025-12-15 17:04:03,861][AutoNode][DEBUG] - Defining data type 'normald[3]' as 'Normal3d' and array 'Normal3dArray
[2025-12-15 17:04:03,861][AutoNode][DEBUG] - Defining data type 'normalf[3]' as 'Normal3f' and array 'Normal3fArray
[2025-12-15 17:04:03,861][AutoNode][DEBUG] - Defining data type 'normalh[3]' as 'Normal3h' and array 'Normal3hArray
[2025-12-15 17:04:03,861][AutoNode][DEBUG] - Defining data type 'objectId' as 'ObjectId' and array 'ObjectIdArray
[2025-12-15 17:04:03,861][AutoNode][DEBUG] - Defining data type 'path' as 'Path'
[2025-12-15 17:04:03,861][AutoNode][DEBUG] - Defining data type 'pointd[3]' as 'Point3d' and array 'Point3dArray
[2025-12-15 17:04:03,861][AutoNode][DEBUG] - Defining data type 'pointf[3]' as 'Point3f' and array 'Point3fArray
[2025-12-15 17:04:03,861][AutoNode][DEBUG] - Defining data type 'pointh[3]' as 'Point3h' and array 'Point3hArray
[2025-12-15 17:04:03,861][AutoNode][DEBUG] - Defining data type 'quatd[4]' as 'Quatd' and array 'QuatdArray
[2025-12-15 17:04:03,861][AutoNode][DEBUG] - Defining data type 'quatf[4]' as 'Quatf' and array 'QuatfArray
[2025-12-15 17:04:03,861][AutoNode][DEBUG] - Defining data type 'quath[4]' as 'Quath' and array 'QuathArray
[2025-12-15 17:04:03,861][AutoNode][DEBUG] - Defining data type 'string' as 'String'
[2025-12-15 17:04:03,861][AutoNode][DEBUG] - Defining data type 'target' as 'Target'
[2025-12-15 17:04:03,861][AutoNode][DEBUG] - Defining data type 'texcoordd[2]' as 'TexCoord2d' and array 'TexCoord2dArray
[2025-12-15 17:04:03,862][AutoNode][DEBUG] - Defining data type 'texcoordf[2]' as 'TexCoord2f' and array 'TexCoord2fArray
[2025-12-15 17:04:03,862][AutoNode][DEBUG] - Defining data type 'texcoordh[2]' as 'TexCoord2h' and array 'TexCoord2hArray
[2025-12-15 17:04:03,862][AutoNode][DEBUG] - Defining data type 'texcoordd[3]' as 'TexCoord3d' and array 'TexCoord3dArray
[2025-12-15 17:04:03,862][AutoNode][DEBUG] - Defining data type 'texcoordf[3]' as 'TexCoord3f' and array 'TexCoord3fArray
[2025-12-15 17:04:03,862][AutoNode][DEBUG] - Defining data type 'texcoordh[3]' as 'TexCoord3h' and array 'TexCoord3hArray
[2025-12-15 17:04:03,862][AutoNode][DEBUG] - Defining data type 'timecode' as 'Timecode' and array 'TimecodeArray
[2025-12-15 17:04:03,862][AutoNode][DEBUG] - Defining data type 'token' as 'Token' and array 'TokenArray
[2025-12-15 17:04:03,862][AutoNode][DEBUG] - Defining data type 'uchar' as 'UChar' and array 'UCharArray
[2025-12-15 17:04:03,862][AutoNode][DEBUG] - Defining data type 'uint' as 'UInt' and array 'UIntArray
[2025-12-15 17:04:03,862][AutoNode][DEBUG] - Defining data type 'uint64' as 'UInt64' and array 'UInt64Array
[2025-12-15 17:04:03,862][AutoNode][DEBUG] - Defining data type 'vectord[3]' as 'Vector3d' and array 'Vector3dArray
[2025-12-15 17:04:03,862][AutoNode][DEBUG] - Defining data type 'vectorf[3]' as 'Vector3f' and array 'Vector3fArray
[2025-12-15 17:04:03,862][AutoNode][DEBUG] - Defining data type 'vectorh[3]' as 'Vector3h' and array 'Vector3hArray
[2025-12-15 17:04:05,097][omni.kit.profiler.window][WARNING] - remove _SpanInstance.__lt__ and use insort 'key' arg instead
[2025-12-15 17:04:07,459][ogn_registration][INFO] - Looking for Python nodes to register in omni.services.transport.server.http-1.3.1
[2025-12-15 17:04:07,459][ogn_registration][INFO] -  -> Registered nodes from module omni.services.transport.server.http at /home/mjkim/isaac410/extscache/omni.services.transport.server.http-1.3.1
[2025-12-15 17:04:07,459][ogn_registration][INFO] - Registering nodes in /home/mjkim/isaac410/extscache/omni.services.transport.server.http-1.3.1 imported as omni.services.transport.server.http with AutoNode config {}
[2025-12-15 17:04:07,459][ogn_registration][INFO] - Registering Python Node Types from omni.services.transport.server.http at /home/mjkim/isaac410/extscache/omni.services.transport.server.http-1.3.1 in omni.services.transport.server.http
[2025-12-15 17:04:07,459][ogn_registration][INFO] - ========================================================================================================================
[2025-12-15 17:04:07,459][ogn_registration][INFO] - No dependency on omni.graph, therefore no nodes to register in omni.services.transport.server.http
[2025-12-15 17:04:07,459][ogn_registration][INFO] - ...None found, no registration to do
[2025-12-15 17:04:07,460][ogn_registration][INFO] - ...Skipping: No OmniGraph presence in the module omni.services.transport.server.http - No nodes in this module, do not remember it
[2025-12-15 17:04:07,460][ogn_registration][INFO] - Destroying registration record for omni.services.transport.server.http
[2025-12-15 17:04:07,460][ogn_registration][INFO] - OGN register omni.services.transport.server.http-1.3.1 took 591959.000000
[2025-12-15 17:04:12,898][ogn_registration][INFO] - Looking for Python nodes to register in omni.kit.livestream.webrtc-4.1.1
[2025-12-15 17:04:12,898][ogn_registration][INFO] -  -> Registered nodes from module omni.kit.livestream.webrtc at /home/mjkim/isaac410/extscache/omni.kit.livestream.webrtc-4.1.1+106.0.0.lx64.r.cp310
[2025-12-15 17:04:12,898][ogn_registration][INFO] - Registering nodes in /home/mjkim/isaac410/extscache/omni.kit.livestream.webrtc-4.1.1+106.0.0.lx64.r.cp310 imported as omni.kit.livestream.webrtc with AutoNode config {}
[2025-12-15 17:04:12,898][ogn_registration][INFO] - Registering Python Node Types from omni.kit.livestream.webrtc at /home/mjkim/isaac410/extscache/omni.kit.livestream.webrtc-4.1.1+106.0.0.lx64.r.cp310 in omni.kit.livestream.webrtc
[2025-12-15 17:04:12,899][ogn_registration][INFO] - ========================================================================================================================
[2025-12-15 17:04:12,899][ogn_registration][INFO] - No dependency on omni.graph, therefore no nodes to register in omni.kit.livestream.webrtc
[2025-12-15 17:04:12,899][ogn_registration][INFO] - ...None found, no registration to do
[2025-12-15 17:04:12,899][ogn_registration][INFO] - ...Skipping: No OmniGraph presence in the module omni.kit.livestream.webrtc - No nodes in this module, do not remember it
[2025-12-15 17:04:12,899][ogn_registration][INFO] - Destroying registration record for omni.kit.livestream.webrtc
[2025-12-15 17:04:12,899][ogn_registration][INFO] - OGN register omni.kit.livestream.webrtc-4.1.1 took 832891.000000
[2025-12-15 17:04:12,901][ogn_registration][INFO] - Looking for Python nodes to register in omni.services.streaming.manager-0.3.10
[2025-12-15 17:04:12,902][ogn_registration][INFO] -  -> Registered nodes from module omni.services.streaming.manager at /home/mjkim/isaac410/extscache/omni.services.streaming.manager-0.3.10
[2025-12-15 17:04:12,902][ogn_registration][INFO] - Registering nodes in /home/mjkim/isaac410/extscache/omni.services.streaming.manager-0.3.10 imported as omni.services.streaming.manager with AutoNode config {}
[2025-12-15 17:04:12,902][ogn_registration][INFO] - Registering Python Node Types from omni.services.streaming.manager at /home/mjkim/isaac410/extscache/omni.services.streaming.manager-0.3.10 in omni.services.streaming.manager
[2025-12-15 17:04:12,902][ogn_registration][INFO] - ========================================================================================================================
[2025-12-15 17:04:12,902][ogn_registration][INFO] - No dependency on omni.graph, therefore no nodes to register in omni.services.streaming.manager
[2025-12-15 17:04:12,902][ogn_registration][INFO] - ...None found, no registration to do
[2025-12-15 17:04:12,902][ogn_registration][INFO] - ...Skipping: No OmniGraph presence in the module omni.services.streaming.manager - No nodes in this module, do not remember it
[2025-12-15 17:04:12,902][ogn_registration][INFO] - Destroying registration record for omni.services.streaming.manager
[2025-12-15 17:04:12,902][ogn_registration][INFO] - OGN register omni.services.streaming.manager-0.3.10 took 636617.000000
[2025-12-15 17:04:13,058][ogn_registration][INFO] - Looking for Python nodes to register in omni.services.streamclient.webrtc-1.3.8
[2025-12-15 17:04:13,058][ogn_registration][INFO] -  -> Registered nodes from module omni.services.streamclient.webrtc at /home/mjkim/isaac410/extscache/omni.services.streamclient.webrtc-1.3.8
[2025-12-15 17:04:13,058][ogn_registration][INFO] - Registering nodes in /home/mjkim/isaac410/extscache/omni.services.streamclient.webrtc-1.3.8 imported as omni.services.streamclient.webrtc with AutoNode config {}
[2025-12-15 17:04:13,058][ogn_registration][INFO] - Registering Python Node Types from omni.services.streamclient.webrtc at /home/mjkim/isaac410/extscache/omni.services.streamclient.webrtc-1.3.8 in omni.services.streamclient.webrtc
[2025-12-15 17:04:13,058][ogn_registration][INFO] - ========================================================================================================================
[2025-12-15 17:04:13,058][ogn_registration][INFO] - No dependency on omni.graph, therefore no nodes to register in omni.services.streamclient.webrtc
[2025-12-15 17:04:13,058][ogn_registration][INFO] - ...None found, no registration to do
[2025-12-15 17:04:13,058][ogn_registration][INFO] - ...Skipping: No OmniGraph presence in the module omni.services.streamclient.webrtc - No nodes in this module, do not remember it
[2025-12-15 17:04:13,059][ogn_registration][INFO] - Destroying registration record for omni.services.streamclient.webrtc
[2025-12-15 17:04:13,059][ogn_registration][INFO] - OGN register omni.services.streamclient.webrtc-1.3.8 took 882677.000000
[2025-12-15 17:04:13,060][asyncio][DEBUG] - Using selector: EpollSelector
[2025-12-15 17:04:13,075][git.cmd][DEBUG] - Popen(['git', 'version'], cwd=/home/mjkim/MarineGym/scripts, stdin=None, shell=False, universal_newlines=False)
[2025-12-15 17:04:13,077][git.cmd][DEBUG] - Popen(['git', 'version'], cwd=/home/mjkim/MarineGym/scripts, stdin=None, shell=False, universal_newlines=False)
[2025-12-15 17:04:13,079][git.util][DEBUG] - sys.platform='linux', git_executable='git'
[2025-12-15 17:04:13,080][git.cmd][DEBUG] - Popen(['git', 'rev-parse', '--show-toplevel'], cwd=/home/mjkim/MarineGym, stdin=None, shell=False, universal_newlines=False)
[2025-12-15 17:04:13,295][git.util][DEBUG] - sys.platform='linux', git_executable='git'
[2025-12-15 17:04:13,295][git.cmd][DEBUG] - Popen(['git', 'cat-file', '--batch-check'], cwd=/home/mjkim/MarineGym, stdin=<valid stream>, shell=False, universal_newlines=False)
[2025-12-15 17:04:13,514][ogn_registration][INFO] - Looking for Python nodes to register in omni.hydra.pxr-1.1.7
[2025-12-15 17:04:13,514][ogn_registration][INFO] -  -> Registered nodes from module omni.hydra.pxr.engine at /home/mjkim/isaac410/kit/exts/omni.hydra.pxr
[2025-12-15 17:04:13,514][ogn_registration][INFO] - Registering nodes in /home/mjkim/isaac410/kit/exts/omni.hydra.pxr imported as omni.hydra.pxr.engine with AutoNode config {}
[2025-12-15 17:04:13,515][ogn_registration][INFO] - Registering Python Node Types from omni.hydra.pxr.engine at /home/mjkim/isaac410/kit/exts/omni.hydra.pxr in omni.hydra.pxr
[2025-12-15 17:04:13,515][ogn_registration][INFO] - ========================================================================================================================
[2025-12-15 17:04:13,515][ogn_registration][INFO] - No dependency on omni.graph, therefore no nodes to register in omni.hydra.pxr
[2025-12-15 17:04:13,515][ogn_registration][INFO] - ...None found, no registration to do
[2025-12-15 17:04:13,515][ogn_registration][INFO] - ...Skipping: No OmniGraph presence in the module omni.hydra.pxr.engine - No nodes in this module, do not remember it
[2025-12-15 17:04:13,515][ogn_registration][INFO] - Destroying registration record for omni.hydra.pxr
[2025-12-15 17:04:13,516][ogn_registration][INFO] - OGN register omni.hydra.pxr-1.1.7 took 1405676.000000
[2025-12-15 17:04:13,516][ogn_registration][INFO] - Looking for Python nodes to register in omni.kit.viewport.pxr-104.0.2
[2025-12-15 17:04:13,516][ogn_registration][INFO] - OGN register omni.kit.viewport.pxr-104.0.2 took 38878.000000
[2025-12-15 17:04:13,578][ogn_registration][INFO] - Looking for Python nodes to register in omni.physx.fabric-106.0.20
[2025-12-15 17:04:13,578][ogn_registration][INFO] -  -> Registered nodes from module omni.physxfabric at /home/mjkim/isaac410/extsPhysics/omni.physx.fabric
[2025-12-15 17:04:13,578][ogn_registration][INFO] - Registering nodes in /home/mjkim/isaac410/extsPhysics/omni.physx.fabric imported as omni.physxfabric with AutoNode config {}
[2025-12-15 17:04:13,579][ogn_registration][INFO] - Registering Python Node Types from omni.physxfabric at /home/mjkim/isaac410/extsPhysics/omni.physx.fabric in omni.physx.fabric
[2025-12-15 17:04:13,579][ogn_registration][INFO] - ========================================================================================================================
[2025-12-15 17:04:13,579][ogn_registration][INFO] - No dependency on omni.graph, therefore no nodes to register in omni.physx.fabric
[2025-12-15 17:04:13,580][ogn_registration][INFO] - ...None found, no registration to do
[2025-12-15 17:04:13,580][ogn_registration][INFO] - ...Skipping: No OmniGraph presence in the module omni.physxfabric - No nodes in this module, do not remember it
[2025-12-15 17:04:13,580][ogn_registration][INFO] - Destroying registration record for omni.physx.fabric
[2025-12-15 17:04:13,580][ogn_registration][INFO] - OGN register omni.physx.fabric-106.0.20 took 1762500.000000
[2025-12-15 17:04:13,623][root][INFO] - Reading BlueROV's params from /home/mjkim/MarineGym/marinegym/robots/assets/usd/BlueROV/BlueROV.yaml.
[2025-12-15 17:04:14,959][root][INFO] - Default parameters:
Mass: [[11.199999809265137]]
Inertia: [[0.30375000834465027, 0.6259999871253967, 0.5769000053405762]]
